// Vitest Snapshot v1, https://vitest.dev/guide/snapshot.html

exports[`Login > matches snapshot 1`] = `
<DocumentFragment>
  <form>
    <label>
      Email
      <input
        name="email"
      />
    </label>
    <label>
      Password
      <input
        name="password"
      />
    </label>
    <button
      type="submit"
    >
      Login
    </button>
  </form>
</DocumentFragment>
`;
