// Vitest Snapshot v1, https://vitest.dev/guide/snapshot.html

exports[`Register > matches snapshot 1`] = `
<DocumentFragment>
  <form>
    <label>
      Name
      <input
        name="name"
      />
    </label>
    <label>
      last name
      <input
        name="last_name"
      />
    </label>
    <label>
      username
      <input
        name="username"
      />
    </label>
    <label>
      Email
      <input
        name="email"
      />
    </label>
    <label>
      Password
      <input
        name="password"
      />
    </label>
    <button
      type="submit"
    >
      Register
    </button>
  </form>
</DocumentFragment>
`;
